#-----------------------------------------------------------
# Vivado v2017.3 (64-bit)
# SW Build 2018833 on Wed Oct  4 19:58:22 MDT 2017
# IP Build 2016188 on Wed Oct  4 21:52:56 MDT 2017
# Start of session at: Wed Aug 19 11:30:10 2020
# Process ID: 6932
# Current directory: Q:/Users/swYoo/Arty S7/lag_comp/lag_comp_v1.3.2_16bit/verilog
# Command line: vivado.exe -gui_launcher_event rodinguilauncherevent14520 Q:\Users\swYoo\Arty S7\lag_comp\lag_comp_v1.3.2_16bit\verilog\v1_00.xpr
# Log file: Q:/Users/swYoo/Arty S7/lag_comp/lag_comp_v1.3.2_16bit/verilog/vivado.log
# Journal file: Q:/Users/swYoo/Arty S7/lag_comp/lag_comp_v1.3.2_16bit/verilog\vivado.jou
#-----------------------------------------------------------
start_gui
open_project {Q:/Users/swYoo/Arty S7/lag_comp/lag_comp_v1.3.2_16bit/verilog/v1_00.xpr}
reset_run synth_1
launch_runs impl_1 -to_step write_bitstream -jobs 3
wait_on_run impl_1
reset_run synth_1
launch_runs impl_1 -to_step write_bitstream -jobs 3
wait_on_run impl_1
reset_run synth_1
launch_runs impl_1 -to_step write_bitstream -jobs 3
wait_on_run impl_1
open_hw
connect_hw_server
set_property PROBES.FILE {} [get_hw_devices xc7s50_0]
set_property FULL_PROBES.FILE {} [get_hw_devices xc7s50_0]
set_property PROGRAM.FILE {Q:/Users/yjpark/Arty S7/bitstream storage/main_without_capture_waveform_data_lag.bit} [get_hw_devices xc7s50_0]
program_hw_devices [get_hw_devices xc7s50_0]
refresh_hw_device [lindex [get_hw_devices xc7s50_0] 0]
set_property PROBES.FILE {} [get_hw_devices xc7s50_0]
set_property FULL_PROBES.FILE {} [get_hw_devices xc7s50_0]
set_property PROGRAM.FILE {Q:/Users/yjpark/Arty S7/bitstream storage/main_without_capture_waveform_data_lag.bit} [get_hw_devices xc7s50_0]
program_hw_devices [get_hw_devices xc7s50_0]
refresh_hw_device [lindex [get_hw_devices xc7s50_0] 0]
disconnect_hw_server localhost:3121
connect_hw_server
